[alternativasweb.tk/clientes/eatin/index.html]
[backblue.gif]
[fade.gif]
[index.html]
[alternativasweb.tk/clientes/eatin/wp-includes/css/dist/block-library/style.min.css]
[alternativasweb.tk/clientes/eatin/wp-includes/css/dist/block-library/theme.min.css]
[alternativasweb.tk/clientes/eatin/wp-content/plugins/contact-form-7/includes/css/styles.css]
[cdnjs.cloudflare.com/ajax/libs/twitter-bootstrap/4.3.1/css/bootstrap.min.css]
[alternativasweb.tk/clientes/eatin/wp-content/themes/eatin/theme/dist/css/blocks.min.css]
[alternativasweb.tk/clientes/eatin/wp-content/themes/eatin/theme/dist/css/styles.min.css]
[maxcdn.icons8.com/fonts/line-awesome/1.1/css/line-awesome-font-awesome.min.css]
[cdnjs.cloudflare.com/ajax/libs/slick-carousel/1.5.8/slick.css]
[cdnjs.cloudflare.com/ajax/libs/slick-carousel/1.5.8/slick-theme.min.css]
[alternativasweb.tk/clientes/eatin/wp-includes/js/jquery/jquery-migrate.min.js]
[alternativasweb.tk/clientes/eatin/wp-includes/js/jquery/jquery.js]
[alternativasweb.tk/clientes/eatin/wp-json/index.html]
[alternativasweb.tk/clientes/eatin/wp-content/uploads/2019/09/bg-hero.jpg]
[alternativasweb.tk/clientes/eatin/wp-content/uploads/2019/09/experiencia.jpg]
[alternativasweb.tk/clientes/eatin/wp-content/uploads/2019/09/experiencia-2.jpg]
[alternativasweb.tk/clientes/eatin/tours/eat-like-a-peruvian/index.html]
[alternativasweb.tk/clientes/eatin/wp-content/uploads/2019/09/experiencia-1.jpg]
[alternativasweb.tk/clientes/eatin/tours/learn-with-the-experts/index.html]
[alternativasweb.tk/clientes/eatin/terminos-y-condiciones/index.html]
[alternativasweb.tk/clientes/eatin/wp-content/plugins/contact-form-7/includes/js/scripts.js]
[cdnjs.cloudflare.com/ajax/libs/modernizr/2.8.3/modernizr.min.js]
[cdn.jsdelivr.net/npm/vide@0.5.1/dist/jquery.vide.min.js]
[cdn.jsdelivr.net/npm/slick-carousel@1.8.1/slick/slick.min.js]
[alternativasweb.tk/clientes/eatin/wp-content/themes/eatin/theme/dist/js/scripts.js]
[cdnjs.cloudflare.com/ajax/libs/twitter-bootstrap/4.3.1/js/bootstrap.bundle.min.js]
[alternativasweb.tk/clientes/eatin/index.html]
[alternativasweb.tk/clientes/eatin/wp-includes/js/wp-embed.min.js]
[alternativasweb.tk/clientes/eatin/wp-includes/css/dist/block-library/style.min.css]
[alternativasweb.tk/clientes/eatin/wp-includes/css/dist/block-library/theme.min.css]
[alternativasweb.tk/clientes/eatin/wp-content/plugins/contact-form-7/images/ajax-loader.gif]
[alternativasweb.tk/clientes/eatin/wp-content/plugins/contact-form-7/includes/css/styles.css]
[cdnjs.cloudflare.com/ajax/libs/twitter-bootstrap/4.3.1/css/bootstrap.min.css]
[alternativasweb.tk/clientes/eatin/wp-content/themes/eatin/theme/dist/css/blocks.min.css]
[alternativasweb.tk/clientes/eatin/wp-content/themes/eatin/theme/dist/fonts/BrandonGrotesque-Regulard41d.eot]
[cdnjs.cloudflare.com/ajax/libs/gsap/1.19.0/TweenMax.min.js]
[alternativasweb.tk/clientes/eatin/wp-content/themes/eatin/theme/dist/fonts/BrandonGrotesque-Regular.otf]
[alternativasweb.tk/clientes/eatin/wp-content/themes/eatin/theme/dist/fonts/BrandonGrotesque-Regular.woff]
[alternativasweb.tk/clientes/eatin/wp-content/themes/eatin/theme/dist/fonts/BrandonGrotesque-Regular.ttf]
[alternativasweb.tk/clientes/eatin/wp-content/themes/eatin/theme/dist/fonts/BrandonGrotesque-Boldd41d.eot]
[alternativasweb.tk/clientes/eatin/wp-content/themes/eatin/theme/dist/fonts/BrandonGrotesque-Bold.otf]
[alternativasweb.tk/clientes/eatin/wp-content/themes/eatin/theme/dist/fonts/BrandonGrotesque-Bold.woff]
[alternativasweb.tk/clientes/eatin/wp-content/themes/eatin/theme/dist/fonts/BrandonGrotesque-Bold.ttf]
[alternativasweb.tk/clientes/eatin/wp-content/themes/eatin/theme/dist/fonts/BrandonGrotesque-Blackd41d.eot]
[alternativasweb.tk/clientes/eatin/wp-content/themes/eatin/theme/dist/fonts/BrandonGrotesque-Black.otf]
[alternativasweb.tk/clientes/eatin/wp-content/themes/eatin/theme/dist/fonts/BrandonGrotesque-Black.woff]
[alternativasweb.tk/clientes/eatin/wp-content/themes/eatin/theme/dist/fonts/BrandonGrotesque-Black.ttf]
[alternativasweb.tk/clientes/eatin/wp-content/themes/eatin/theme/dist/fonts/DINOT-Mediumd41d.eot]
[alternativasweb.tk/clientes/eatin/wp-content/themes/eatin/theme/dist/fonts/DINOT-Medium.otf]
[alternativasweb.tk/clientes/eatin/wp-content/themes/eatin/theme/dist/fonts/DINOT-Medium.woff]
[alternativasweb.tk/clientes/eatin/wp-content/themes/eatin/theme/dist/fonts/DINOT-Medium.ttf]
[alternativasweb.tk/clientes/eatin/wp-content/themes/eatin/theme/dist/fonts/DINOT-Boldd41d.eot]
[alternativasweb.tk/clientes/eatin/wp-content/themes/eatin/theme/dist/fonts/DINOT-Bold.otf]
[alternativasweb.tk/clientes/eatin/wp-content/themes/eatin/theme/dist/fonts/DINOT-Bold.woff]
[alternativasweb.tk/clientes/eatin/wp-content/themes/eatin/theme/dist/fonts/DINOT-Bold.ttf]
[alternativasweb.tk/clientes/eatin/wp-content/themes/eatin/theme/dist/img/gradient-hero.png]
[alternativasweb.tk/clientes/eatin/wp-content/themes/eatin/theme/dist/img/testimonio-before.png]
[alternativasweb.tk/clientes/eatin/wp-content/themes/eatin/theme/dist/img/testimonio-after.png]
[alternativasweb.tk/clientes/eatin/wp-content/themes/eatin/theme/dist/css/styles.min.css]
[maxcdn.icons8.com/fonts/line-awesome/1.1/css/line-awesome-font-awesome.min.css]
[cdnjs.cloudflare.com/ajax/libs/slick-carousel/1.5.8/slick.css]
[cdnjs.cloudflare.com/ajax/libs/slick-carousel/1.5.8/ajax-loader.gif]
[cdnjs.cloudflare.com/ajax/libs/slick-carousel/1.5.8/fonts/slick.eot]
[cdnjs.cloudflare.com/ajax/libs/slick-carousel/1.5.8/fonts/slickd41d.eot]
[cdnjs.cloudflare.com/ajax/libs/slick-carousel/1.5.8/fonts/slick.woff]
[cdnjs.cloudflare.com/ajax/libs/slick-carousel/1.5.8/fonts/slick.ttf]
[cdnjs.cloudflare.com/ajax/libs/slick-carousel/1.5.8/slick-theme.min.css]
[cdnjs.cloudflare.com/ajax/libs/slick-carousel/1.5.8/fonts/slick.svg]
[alternativasweb.tk/clientes/eatin/favicon.html]
[alternativasweb.tk/clientes/eatin/wp-content/themes/eatin/images/index.html]
[alternativasweb.tk/clientes/eatin/wp-content/themes/eatin/theme/dist/img/logo.svg]
[alternativasweb.tk/clientes/eatin/wp-json/oembed/1.0/embed6197.json]
[alternativasweb.tk/clientes/eatin/wp-json/oembed/1.0/embed5b01]
[alternativasweb.tk/clientes/eatin/wp-content/uploads/2019/09/highlights-1.jpg]
[alternativasweb.tk/clientes/eatin/wp-content/uploads/2019/09/highlights-2.jpg]
[alternativasweb.tk/clientes/eatin/wp-content/uploads/2019/09/highlights-4.jpg]
[alternativasweb.tk/clientes/eatin/wp-content/uploads/2019/09/highlights-5.jpg]
[alternativasweb.tk/clientes/eatin/wp-content/uploads/2019/09/cubiertos.png]
[alternativasweb.tk/clientes/eatin/wp-content/uploads/2019/09/calendario.png]
[alternativasweb.tk/clientes/eatin/wp-content/uploads/2019/09/corazon.png]
[alternativasweb.tk/clientes/eatin/wp-content/uploads/2019/09/conversacion.png]
[alternativasweb.tk/clientes/eatin/wp-content/uploads/2019/09/equis.png]
[alternativasweb.tk/clientes/eatin/wp-content/uploads/2019/09/ubicacion.png]
[alternativasweb.tk/clientes/eatin/wp-content/uploads/2019/09/taxi.png]
[alternativasweb.tk/clientes/eatin/tours/eat-like-a-peruvian/index.html]
[alternativasweb.tk/clientes/eatin/wp-json/oembed/1.0/embed395b.json]
[alternativasweb.tk/clientes/eatin/wp-json/oembed/1.0/embed03a5]
[alternativasweb.tk/clientes/eatin/tours/learn-with-the-experts/index.html]
[alternativasweb.tk/clientes/eatin/wp-json/oembed/1.0/embed5618.json]
[alternativasweb.tk/clientes/eatin/wp-json/oembed/1.0/embed5a84]
[alternativasweb.tk/clientes/eatin/terminos-y-condiciones/index.html]
[alternativasweb.tk/clientes/eatin/wp-content/themes/eatin/theme/dist/img/loading.html]
[alternativasweb.tk/clientes/eatin/wp-content/themes/eatin/theme/dist/fonts/BrandonGrotesque-Regular.svg]
[alternativasweb.tk/clientes/eatin/wp-content/themes/eatin/theme/dist/fonts/BrandonGrotesque-Bold.svg]
[alternativasweb.tk/clientes/eatin/wp-content/themes/eatin/theme/dist/fonts/BrandonGrotesque-Black.svg]
[alternativasweb.tk/clientes/eatin/wp-content/themes/eatin/theme/dist/fonts/DINOT-Medium.svg]
[alternativasweb.tk/clientes/eatin/wp-content/themes/eatin/theme/dist/fonts/DINOT-Bold.svg]
[cdnjs.cloudflare.com/ajax/libs/slick-carousel/1.5.8/fonts/slick.svg]
[alternativasweb.tk/clientes/eatin/tours/eat-like-a-peruvian/favicon.html]
[alternativasweb.tk/clientes/eatin/tours/learn-with-the-experts/favicon.html]
[alternativasweb.tk/clientes/eatin/terminos-y-condiciones/favicon.html]
